
> peerly@0.1.0 build
> next build

   Γû▓ Next.js 14.1.0
   - Environments: .env.local

   Creating an optimized production build ...
node.exe : Compiler edge-server unexpectedly exited with code: null 
and signal: SIGTERM
At line:1 char:1
+ & "D:\/node.exe" "D:\/node_modules/npm/bin/npm-cli.js" run build
+ ~~~~~~~~~~~~~~~~~~~~~~~~~~~~~~~~~~~~~~~~~~~~~~~~~~~~~~~~~~~~~~~~
    + CategoryInfo          : NotSpecified: (Compiler edge-s...signal 
   : SIGTERM:String) [], RemoteException
    + FullyQualifiedErrorId : NativeCommandError
 
 Γ£ô Compiled successfully
   Linting and checking validity of types ...

Failed to compile.

./src/app/browse/page.tsx
119:8  Warning: React Hook useEffect has a missing dependency: 
'supabase'. Either include it or remove the dependency array.  
react-hooks/exhaustive-deps
207:8  Warning: React Hook useCallback has a missing dependency: 
'supabase'. Either include it or remove the dependency array.  
react-hooks/exhaustive-deps
213:8  Warning: React Hook useEffect has a missing dependency: 
'fetchListings'. Either include it or remove the dependency array.  
react-hooks/exhaustive-deps

./src/app/careers/page.tsx
27:29  Error: `"` can be escaped with `&quot;`, `&ldquo;`, `&#34;`, 
`&rdquo;`.  react/no-unescaped-entities
27:46  Error: `"` can be escaped with `&quot;`, `&ldquo;`, `&#34;`, 
`&rdquo;`.  react/no-unescaped-entities
36:35  Error: `'` can be escaped with `&apos;`, `&lsquo;`, `&#39;`, 
`&rsquo;`.  react/no-unescaped-entities
36:62  Error: `'` can be escaped with `&apos;`, `&lsquo;`, `&#39;`, 
`&rsquo;`.  react/no-unescaped-entities
63:32  Error: `'` can be escaped with `&apos;`, `&lsquo;`, `&#39;`, 
`&rsquo;`.  react/no-unescaped-entities

./src/app/colleges/page.tsx
38:116  Error: `'` can be escaped with `&apos;`, `&lsquo;`, `&#39;`, 
`&rsquo;`.  react/no-unescaped-entities
85:70  Error: `'` can be escaped with `&apos;`, `&lsquo;`, `&#39;`, 
`&rsquo;`.  react/no-unescaped-entities

./src/app/contact/page.tsx
20:31  Error: `'` can be escaped with `&apos;`, `&lsquo;`, `&#39;`, 
`&rsquo;`.  react/no-unescaped-entities
20:67  Error: `'` can be escaped with `&apos;`, `&lsquo;`, `&#39;`, 
`&rsquo;`.  react/no-unescaped-entities

./src/app/help/page.tsx
101:77  Error: `'` can be escaped with `&apos;`, `&lsquo;`, `&#39;`, 
`&rsquo;`.  react/no-unescaped-entities

./src/app/listing/[id]/page.tsx
31:8  Warning: React Hook useEffect has missing dependencies: 
'checkIfSaved' and 'fetchListing'. Either include them or remove the 
dependency array.  react-hooks/exhaustive-deps

./src/app/login/page.tsx
172:32  Error: `'` can be escaped with `&apos;`, `&lsquo;`, `&#39;`, 
`&rsquo;`.  react/no-unescaped-entities

./src/app/messages/page.tsx
72:8  Warning: React Hook useEffect has missing dependencies: 
'fetchConversations' and 'user'. Either include them or remove the 
dependency array.  react-hooks/exhaustive-deps
110:8  Warning: React Hook useEffect has missing dependencies: 
'fetchMessages' and 'supabase'. Either include them or remove the 
dependency array.  react-hooks/exhaustive-deps

./src/app/page.tsx
354:87  Error: `"` can be escaped with `&quot;`, `&ldquo;`, `&#34;`, 
`&rdquo;`.  react/no-unescaped-entities
354:107  Error: `"` can be escaped with `&quot;`, `&ldquo;`, `&#34;`, 
`&rdquo;`.  react/no-unescaped-entities

info  - Need to disable some ESLint rules? Learn more here: 
https://nextjs.org/docs/basic-features/eslint#disabling-rules
